ethangouveia@Ethans-MacBook-Air-4 Relay % node RelayServer.js
file:///Users/ethangouveia/Coding/02_Current_Projects/hyperdeck_control/hyperdeck-control/src/Relay/Hyperdeck.js:42
    console.log(data.json());
                     ^

TypeError: Cannot read properties of undefined (reading 'json')
    at Hyperdeck.createHyperdeck (file:///Users/ethangouveia/Coding/02_Current_Projects/hyperdeck_control/hyperdeck-control/src/Relay/Hyperdeck.js:42:22)
    at async initHyperdeck (file:///Users/ethangouveia/Coding/02_Current_Projects/hyperdeck_control/hyperdeck-control/src/Relay/RelayServer.js:7:9)
    at async main (file:///Users/ethangouveia/Coding/02_Current_Projects/hyperdeck_control/hyperdeck-control/src/Relay/RelayServer.js:16:17)

Node.js v22.6.0
ethangouveia@Ethans-MacBook-Air-4 Relay % node RelayServer.js
file:///Users/ethangouveia/Coding/02_Current_Projects/hyperdeck_control/hyperdeck-control/src/Relay/Hyperdeck.js:41
    console.log(data.json());
                     ^

TypeError: Cannot read properties of undefined (reading 'json')
    at Hyperdeck.createHyperdeck (file:///Users/ethangouveia/Coding/02_Current_Projects/hyperdeck_control/hyperdeck-control/src/Relay/Hyperdeck.js:41:22)
    at async initHyperdeck (file:///Users/ethangouveia/Coding/02_Current_Projects/hyperdeck_control/hyperdeck-control/src/Relay/RelayServer.js:7:9)
    at async main (file:///Users/ethangouveia/Coding/02_Current_Projects/hyperdeck_control/hyperdeck-control/src/Relay/RelayServer.js:16:17)

Node.js v22.6.0
ethangouveia@Ethans-MacBook-Air-4 Relay % node RelayServer.js
file:///Users/ethangouveia/Coding/02_Current_Projects/hyperdeck_control/hyperdeck-control/src/Relay/Hyperdeck.js:23
      const responseCode = Number(data.split()[0]);
                                       ^

TypeError: data.split is not a function
    at Socket.<anonymous> (file:///Users/ethangouveia/Coding/02_Current_Projects/hyperdeck_control/hyperdeck-control/src/Relay/Hyperdeck.js:23:40)
    at Socket.emit (node:events:520:28)
    at addChunk (node:internal/streams/readable:559:12)
    at readableAddChunkPushByteMode (node:internal/streams/readable:510:3)
    at Readable.push (node:internal/streams/readable:390:5)
    at TCP.onStreamRead (node:internal/stream_base_commons:191:23)

Node.js v22.6.0
ethangouveia@Ethans-MacBook-Air-4 Relay % node RelayServer.js
file:///Users/ethangouveia/Coding/02_Current_Projects/hyperdeck_control/hyperdeck-control/src/Relay/Hyperdeck.js:23
      const responseCode = Number(data.split(' ')[0]);
                                       ^

TypeError: data.split is not a function
    at Socket.<anonymous> (file:///Users/ethangouveia/Coding/02_Current_Projects/hyperdeck_control/hyperdeck-control/src/Relay/Hyperdeck.js:23:40)
    at Socket.emit (node:events:520:28)
    at addChunk (node:internal/streams/readable:559:12)
    at readableAddChunkPushByteMode (node:internal/streams/readable:510:3)
    at Readable.push (node:internal/streams/readable:390:5)
    at TCP.onStreamRead (node:internal/stream_base_commons:191:23)

Node.js v22.6.0
ethangouveia@Ethans-MacBook-Air-4 Relay % node RelayServer.js
file:///Users/ethangouveia/Coding/02_Current_Projects/hyperdeck_control/hyperdeck-control/src/Relay/Hyperdeck.js:43
    console.log(data.json());
                     ^

TypeError: data.json is not a function
    at Hyperdeck.createHyperdeck (file:///Users/ethangouveia/Coding/02_Current_Projects/hyperdeck_control/hyperdeck-control/src/Relay/Hyperdeck.js:43:22)
    at process.processTicksAndRejections (node:internal/process/task_queues:95:5)
    at async initHyperdeck (file:///Users/ethangouveia/Coding/02_Current_Projects/hyperdeck_control/hyperdeck-control/src/Relay/RelayServer.js:7:9)
    at async main (file:///Users/ethangouveia/Coding/02_Current_Projects/hyperdeck_control/hyperdeck-control/src/Relay/RelayServer.js:16:17)

Node.js v22.6.0
ethangouveia@Ethans-MacBook-Air-4 Relay % node RelayServer.js
{"code":null,"message":"500 connection info:\r\nprotocol version: 1.8\r\nmodel: HyperDeck Studio\r\n\r\n"}
Server is listening on port 4001
^[[A^C
ethangouveia@Ethans-MacBook-Air-4 Relay % node RelayServer.js
{"code":null,"message":"500 connection info:\r\nprotocol version: 1.8\r\nmodel: HyperDeck Studio\r\n\r\n"}
Server is listening on port 4001
^C
ethangouveia@Ethans-MacBook-Air-4 Relay % node RelayServer.js
{"code":500,"message":"500 connection info:\r\nprotocol version: 1.8\r\nmodel: HyperDeck Studio\r\n\r\n"}
Server is listening on port 4001
^[[A^C
ethangouveia@Ethans-MacBook-Air-4 Relay % node RelayServer.js
file:///Users/ethangouveia/Coding/02_Current_Projects/hyperdeck_control/hyperdeck-control/src/Relay/Hyperdeck.js:23
      const responseCode = Number(String(data.slice)(0,3));
                                                    ^

TypeError: String(...) is not a function
    at Socket.<anonymous> (file:///Users/ethangouveia/Coding/02_Current_Projects/hyperdeck_control/hyperdeck-control/src/Relay/Hyperdeck.js:23:53)
    at Socket.emit (node:events:520:28)
    at addChunk (node:internal/streams/readable:559:12)
    at readableAddChunkPushByteMode (node:internal/streams/readable:510:3)
    at Readable.push (node:internal/streams/readable:390:5)
    at TCP.onStreamRead (node:internal/stream_base_commons:191:23)

Node.js v22.6.0
ethangouveia@Ethans-MacBook-Air-4 Relay % node RelayServer.js
{"code":500,"message":"500 connection info:\r\nprotocol version: 1.8\r\nmodel: HyperDeck Studio\r\n\r\n"}
Server is listening on port 4001
^C
ethangouveia@Ethans-MacBook-Air-4 Relay % node RelayServer.js
{"code":500,"message":"500 connection info:\r\nprotocol version: 1.8\r\nmodel: HyperDeck Studio\r\n\r\n"}
Server is listening on port 4001
^C
ethangouveia@Ethans-MacBook-Air-4 Relay % node RelayServer.js
{"code":500,"data":["500 connection info:","protocol version: 1.8","model: HyperDeck Studio","",""]}
Server is listening on port 4001
^[[A^C
ethangouveia@Ethans-MacBook-Air-4 Relay % node RelayServer.js
undefined:1
protocol version: 1.8
^

SyntaxError: Unexpected token 'p', "protocol v"... is not valid JSON
    at JSON.parse (<anonymous>)
    at Socket.<anonymous> (file:///Users/ethangouveia/Coding/02_Current_Projects/hyperdeck_control/hyperdeck-control/src/Relay/Hyperdeck.js:27:20)
    at Socket.emit (node:events:520:28)
    at addChunk (node:internal/streams/readable:559:12)
    at readableAddChunkPushByteMode (node:internal/streams/readable:510:3)
    at Readable.push (node:internal/streams/readable:390:5)
    at TCP.onStreamRead (node:internal/stream_base_commons:191:23)

Node.js v22.6.0
ethangouveia@Ethans-MacBook-Air-4 Relay % 
ethangouveia@Ethans-MacBook-Air-4 Relay % node RelayServer.js
{"code":500,"data":{"connectionInfo":{"protocolVersion":1.8,"model":"HyperDeck Studio"}}}
Server is listening on port 4001
^C
ethangouveia@Ethans-MacBook-Air-4 Relay % node RelayServer.js
{"code":500,"500 connection info:\r\nprotocol version: 1.8\r\nmodel: HyperDeck Studio\r\n\r\n":["500 connection info","protocol version: 1.8\r\nmodel: HyperDeck Studio\r\n\r\n"]}
Server is listening on port 4001
^[[A^C
ethangouveia@Ethans-MacBook-Air-4 Relay % node RelayServer.js
{"code":500,"data":["500 connection info","protocol version: 1.8\r\nmodel: HyperDeck Studio\r\n\r\n"]}
Server is listening on port 4001
^C
ethangouveia@Ethans-MacBook-Air-4 Relay % node RelayServer.js
{"code":500,"data":["500 connection info","protocol version: 1.8\r\nmodel: HyperDeck Studio\r\n\r\n"]}
Server is listening on port 4001
^C
ethangouveia@Ethans-MacBook-Air-4 Relay % node RelayServer.js
{"code":500}
Server is listening on port 4001
^C
ethangouveia@Ethans-MacBook-Air-4 Relay % node RelayServer.js
{"code":500}
Server is listening on port 4001
^C
ethangouveia@Ethans-MacBook-Air-4 Relay % node RelayServer.js
{"code":500,"data":["500 connection info","protocol version: 1.8\r\nmodel: HyperDeck Studio\r\n\r\n"]}
Server is listening on port 4001
^C
ethangouveia@Ethans-MacBook-Air-4 Relay % node RelayServer.js
{"code":500,"data":["500 connection info","protocol version: 1.8\r\nmodel: HyperDeck Studio\r\n\r\n"]}
Server is listening on port 4001
^C
ethangouveia@Ethans-MacBook-Air-4 Relay % node RelayServer.js
{"code":500,"data":[["500 connection info"],["protocol version: 1.8","model: HyperDeck Studio","",""]]}
Server is listening on port 4001
^C
ethangouveia@Ethans-MacBook-Air-4 Relay % node test.js       
[
  'connection info:',
  'protocol version: 1.8',
  'model: HyperDeck Studio',
  '',
  ''
]
ethangouveia@Ethans-MacBook-Air-4 Relay % node test.js
[
  'connection info',
  'protocol version: 1.8\r\nmodel: HyperDeck Studio\r\n\r\n'
]
ethangouveia@Ethans-MacBook-Air-4 Relay % node test.js
undefined
ethangouveia@Ethans-MacBook-Air-4 Relay % node test.js
[
  'connection info',
  'protocol version: 1.8\r\nmodel: HyperDeck Studio\r\n\r\n'
]
ethangouveia@Ethans-MacBook-Air-4 Relay % node test.js
[
  [ 'connection info' ],
  [ 'protocol version: 1.8', 'model: HyperDeck Studio', '', '' ]
]
ethangouveia@Ethans-MacBook-Air-4 Relay % node test.js
[
  [ 'connection info' ],
  [ 'protocol version: 1.8', 'model: HyperDeck Studio', '', '' ]
]
ethangouveia@Ethans-MacBook-Air-4 Relay % node test.js
[
  'connection info:',
  'protocol version: 1.8',
  'model: HyperDeck Studio'
]
ethangouveia@Ethans-MacBook-Air-4 Relay % node test.js
file:///Users/ethangouveia/Coding/02_Current_Projects/hyperdeck_control/hyperdeck-control/src/Relay/test.js:16
        itemSplit = filterEmpty[i].split(": ")
                  ^

ReferenceError: itemSplit is not defined
    at jsonifyHyperdeck (file:///Users/ethangouveia/Coding/02_Current_Projects/hyperdeck_control/hyperdeck-control/src/Relay/test.js:16:19)
    at file:///Users/ethangouveia/Coding/02_Current_Projects/hyperdeck_control/hyperdeck-control/src/Relay/test.js:24:13
    at ModuleJob.run (node:internal/modules/esm/module_job:262:25)
    at async onImport.tracePromise.__proto__ (node:internal/modules/esm/loader:482:26)
    at async asyncRunEntryPointWithESMLoader (node:internal/modules/run_main:117:5)

Node.js v22.6.0
ethangouveia@Ethans-MacBook-Air-4 Relay % node test.js
file:///Users/ethangouveia/Coding/02_Current_Projects/hyperdeck_control/hyperdeck-control/src/Relay/test.js:16
        itemSplit = filterEmpty[i].split(": ")
                  ^

ReferenceError: itemSplit is not defined
    at jsonifyHyperdeck (file:///Users/ethangouveia/Coding/02_Current_Projects/hyperdeck_control/hyperdeck-control/src/Relay/test.js:16:19)
    at file:///Users/ethangouveia/Coding/02_Current_Projects/hyperdeck_control/hyperdeck-control/src/Relay/test.js:24:13
    at ModuleJob.run (node:internal/modules/esm/module_job:262:25)
    at async onImport.tracePromise.__proto__ (node:internal/modules/esm/loader:482:26)
    at async asyncRunEntryPointWithESMLoader (node:internal/modules/run_main:117:5)

Node.js v22.6.0
ethangouveia@Ethans-MacBook-Air-4 Relay % node test.js
file:///Users/ethangouveia/Coding/02_Current_Projects/hyperdeck_control/hyperdeck-control/src/Relay/test.js:17
        topicObject[itemSplit[0]] = itemSplit[1];
                                  ^

TypeError: Cannot create property 'protocol version' on string 'connection info:'
    at jsonifyHyperdeck (file:///Users/ethangouveia/Coding/02_Current_Projects/hyperdeck_control/hyperdeck-control/src/Relay/test.js:17:35)
    at file:///Users/ethangouveia/Coding/02_Current_Projects/hyperdeck_control/hyperdeck-control/src/Relay/test.js:24:13
    at ModuleJob.run (node:internal/modules/esm/module_job:262:25)
    at async onImport.tracePromise.__proto__ (node:internal/modules/esm/loader:482:26)
    at async asyncRunEntryPointWithESMLoader (node:internal/modules/run_main:117:5)

Node.js v22.6.0
ethangouveia@Ethans-MacBook-Air-4 Relay % node test.js
file:///Users/ethangouveia/Coding/02_Current_Projects/hyperdeck_control/hyperdeck-control/src/Relay/test.js:17
        data[topicObject][itemSplit[0]] = itemSplit[1];
                                        ^

TypeError: Cannot set properties of undefined (setting 'protocol version')
    at jsonifyHyperdeck (file:///Users/ethangouveia/Coding/02_Current_Projects/hyperdeck_control/hyperdeck-control/src/Relay/test.js:17:41)
    at file:///Users/ethangouveia/Coding/02_Current_Projects/hyperdeck_control/hyperdeck-control/src/Relay/test.js:24:13
    at ModuleJob.run (node:internal/modules/esm/module_job:262:25)
    at async onImport.tracePromise.__proto__ (node:internal/modules/esm/loader:482:26)
    at async asyncRunEntryPointWithESMLoader (node:internal/modules/run_main:117:5)

Node.js v22.6.0
ethangouveia@Ethans-MacBook-Air-4 Relay % node test.js
file:///Users/ethangouveia/Coding/02_Current_Projects/hyperdeck_control/hyperdeck-control/src/Relay/test.js:15
    for (const i = 1; i < filterEmpty.length; i++) {
                                               ^

TypeError: Assignment to constant variable.
    at jsonifyHyperdeck (file:///Users/ethangouveia/Coding/02_Current_Projects/hyperdeck_control/hyperdeck-control/src/Relay/test.js:15:48)
    at file:///Users/ethangouveia/Coding/02_Current_Projects/hyperdeck_control/hyperdeck-control/src/Relay/test.js:24:13
    at ModuleJob.run (node:internal/modules/esm/module_job:262:25)
    at async onImport.tracePromise.__proto__ (node:internal/modules/esm/loader:482:26)
    at async asyncRunEntryPointWithESMLoader (node:internal/modules/run_main:117:5)

Node.js v22.6.0
ethangouveia@Ethans-MacBook-Air-4 Relay % node test.js
{
  topicObject: {},
  'protocol version': '1.8',
  model: 'HyperDeck Studio'
}
ethangouveia@Ethans-MacBook-Air-4 Relay % node test.js
file:///Users/ethangouveia/Coding/02_Current_Projects/hyperdeck_control/hyperdeck-control/src/Relay/test.js:14
        data[filterEmpty[0]][itemSplit[0]] = itemSplit[1];
                                           ^

TypeError: Cannot set properties of undefined (setting 'protocol version')
    at jsonifyHyperdeck (file:///Users/ethangouveia/Coding/02_Current_Projects/hyperdeck_control/hyperdeck-control/src/Relay/test.js:14:44)
    at file:///Users/ethangouveia/Coding/02_Current_Projects/hyperdeck_control/hyperdeck-control/src/Relay/test.js:21:13
    at ModuleJob.run (node:internal/modules/esm/module_job:262:25)
    at async onImport.tracePromise.__proto__ (node:internal/modules/esm/loader:482:26)
    at async asyncRunEntryPointWithESMLoader (node:internal/modules/run_main:117:5)

Node.js v22.6.0
ethangouveia@Ethans-MacBook-Air-4 Relay % node test.js
{ undefined: 'HyperDeck Studio' }
ethangouveia@Ethans-MacBook-Air-4 Relay % node test.js
file:///Users/ethangouveia/Coding/02_Current_Projects/hyperdeck_control/hyperdeck-control/src/Relay/test.js:15
        data[topicObject][itemSplit[0]] = itemSplit[1];
                                        ^

TypeError: Cannot set properties of undefined (setting 'protocol version')
    at jsonifyHyperdeck (file:///Users/ethangouveia/Coding/02_Current_Projects/hyperdeck_control/hyperdeck-control/src/Relay/test.js:15:41)
    at file:///Users/ethangouveia/Coding/02_Current_Projects/hyperdeck_control/hyperdeck-control/src/Relay/test.js:22:13
    at ModuleJob.run (node:internal/modules/esm/module_job:262:25)
    at async onImport.tracePromise.__proto__ (node:internal/modules/esm/loader:482:26)
    at async asyncRunEntryPointWithESMLoader (node:internal/modules/run_main:117:5)

Node.js v22.6.0
ethangouveia@Ethans-MacBook-Air-4 Relay % node test.js
file:///Users/ethangouveia/Coding/02_Current_Projects/hyperdeck_control/hyperdeck-control/src/Relay/test.js:15
        data[topicObject.itemSplit[0]] = itemSplit[1];
                                  ^

TypeError: Cannot read properties of undefined (reading '0')
    at jsonifyHyperdeck (file:///Users/ethangouveia/Coding/02_Current_Projects/hyperdeck_control/hyperdeck-control/src/Relay/test.js:15:35)
    at file:///Users/ethangouveia/Coding/02_Current_Projects/hyperdeck_control/hyperdeck-control/src/Relay/test.js:22:13
    at ModuleJob.run (node:internal/modules/esm/module_job:262:25)
    at async onImport.tracePromise.__proto__ (node:internal/modules/esm/loader:482:26)
    at async asyncRunEntryPointWithESMLoader (node:internal/modules/run_main:117:5)

Node.js v22.6.0
ethangouveia@Ethans-MacBook-Air-4 Relay % node test.js
file:///Users/ethangouveia/Coding/02_Current_Projects/hyperdeck_control/hyperdeck-control/src/Relay/test.js:15
        data[topicObject][itemSplit[0]] = itemSplit[1];
                                        ^

TypeError: Cannot set properties of undefined (setting 'protocol version')
    at jsonifyHyperdeck (file:///Users/ethangouveia/Coding/02_Current_Projects/hyperdeck_control/hyperdeck-control/src/Relay/test.js:15:41)
    at file:///Users/ethangouveia/Coding/02_Current_Projects/hyperdeck_control/hyperdeck-control/src/Relay/test.js:22:13
    at ModuleJob.run (node:internal/modules/esm/module_job:262:25)
    at async onImport.tracePromise.__proto__ (node:internal/modules/esm/loader:482:26)
    at async asyncRunEntryPointWithESMLoader (node:internal/modules/run_main:117:5)

Node.js v22.6.0
ethangouveia@Ethans-MacBook-Air-4 Relay % node test.js
{ undefined: 'HyperDeck Studio' }
ethangouveia@Ethans-MacBook-Air-4 Relay % node test.js
{ 'protocol version': '1.8', model: 'HyperDeck Studio' }
ethangouveia@Ethans-MacBook-Air-4 Relay % node test.js
{
  code: '500',
  'connection info:': { 'protocol version': '1.8', model: 'HyperDeck Studio' }
}
ethangouveia@Ethans-MacBook-Air-4 Relay % node test.js
{
  code: 500,
  'connection info:': { 'protocol version': '1.8', model: 'HyperDeck Studio' }
}
ethangouveia@Ethans-MacBook-Air-4 Relay % node test.js
{"code":500,"connection info:":{"protocol version":"1.8","model":"HyperDeck Studio"}}
ethangouveia@Ethans-MacBook-Air-4 Relay % node test.js
{"code":500,"connection info:":{"protocol version":"1.8","model":"HyperDeck Studio"}}
ethangouveia@Ethans-MacBook-Air-4 Relay % node test.js
{"code":500,"connection info:":{"protocol version":"1.8","model":"HyperDeck Studio"}}
ethangouveia@Ethans-MacBook-Air-4 Relay % node RelayServer.js
file:///Users/ethangouveia/Coding/02_Current_Projects/hyperdeck_control/hyperdeck-control/src/Relay/Hyperdeck.js:25
      response = jsonifyHyperdeck(data);
               ^

TypeError: Assignment to constant variable.
    at Socket.<anonymous> (file:///Users/ethangouveia/Coding/02_Current_Projects/hyperdeck_control/hyperdeck-control/src/Relay/Hyperdeck.js:25:16)
    at Socket.emit (node:events:520:28)
    at addChunk (node:internal/streams/readable:559:12)
    at readableAddChunkPushByteMode (node:internal/streams/readable:510:3)
    at Readable.push (node:internal/streams/readable:390:5)
    at TCP.onStreamRead (node:internal/stream_base_commons:191:23)

Node.js v22.6.0
ethangouveia@Ethans-MacBook-Air-4 Relay % node RelayServer.js
{"code":500,"connection info:":{"protocol version":"1.8","model":"HyperDeck Studio"}}
Server is listening on port 4001
^C
ethangouveia@Ethans-MacBook-Air-4 Relay % node RelayServer.js
{"code":500,"connection info:":{"protocol version":"1.8","model":"HyperDeck Studio"}}
Server is listening on port 4001
^Z
zsh: suspended  node RelayServer.js
ethangouveia@Ethans-MacBook-Air-4 Relay % node RelayServer.js
ethangouveia@Ethans-MacBook-Air-4 Relay % node RelayServer.js
ethangouveia@Ethans-MacBook-Air-4 Relay % node RelayServer.js
node:internal/modules/run_main:123
    triggerUncaughtException(
    ^

Error [ERR_MODULE_NOT_FOUND]: Cannot find module '/Users/ethangouveia/Coding/02_Current_Projects/hyperdeck_control/hyperdeck-control/src/Relay/Hyperdeck' imported from /Users/ethangouveia/Coding/02_Current_Projects/hyperdeck_control/hyperdeck-control/src/Relay/RelayServer.js
Did you mean to import "./Hyperdeck.js"?
    at finalizeResolution (node:internal/modules/esm/resolve:257:11)
    at moduleResolve (node:internal/modules/esm/resolve:914:10)
    at defaultResolve (node:internal/modules/esm/resolve:1039:11)
    at ModuleLoader.defaultResolve (node:internal/modules/esm/loader:554:12)
    at ModuleLoader.resolve (node:internal/modules/esm/loader:523:25)
    at ModuleLoader.getModuleJob (node:internal/modules/esm/loader:246:38)
    at ModuleJob._link (node:internal/modules/esm/module_job:126:49) {
  code: 'ERR_MODULE_NOT_FOUND',
  url: 'file:///Users/ethangouveia/Coding/02_Current_Projects/hyperdeck_control/hyperdeck-control/src/Relay/Hyperdeck'
}

Node.js v22.6.0
ethangouveia@Ethans-MacBook-Air-4 Relay % node RelayServer.js
ethangouveia@Ethans-MacBook-Air-4 Relay % node RelayServer.js
ethangouveia@Ethans-MacBook-Air-4 Relay % node RelayServer.js
ethangouveia@Ethans-MacBook-Air-4 Relay % node RelayServer.js
ethangouveia@Ethans-MacBook-Air-4 Relay % node RelayServer.js
ethangouveia@Ethans-MacBook-Air-4 Relay % nc 10.61.57.142 9993
ethangouveia@Ethans-MacBook-Air-4 Relay % nc 10.61.57.142 9993
^C
ethangouveia@Ethans-MacBook-Air-4 Relay % nc 10.61.57.142 9993
500 connection info:
protocol version: 1.8
model: HyperDeck Studio

^C
ethangouveia@Ethans-MacBook-Air-4 Relay % nc 10.61.57.142 9993
500 connection info:
protocol version: 1.8
model: HyperDeck Studio

^C
ethangouveia@Ethans-MacBook-Air-4 Relay % nc 10.61.57.142 9993
500 connection info:
protocol version: 1.8
model: HyperDeck Studio

^C
ethangouveia@Ethans-MacBook-Air-4 Relay % node RelayServer.js 
{"code":500,"connection info:":{"protocol version":"1.8","model":"HyperDeck Studio"}}
{"code":500,"connection info:":{"protocol version":"1.8","model":"HyperDeck Studio"}}
undefined
node:events:498
      throw er; // Unhandled 'error' event
      ^

Error: listen EADDRINUSE: address already in use :::4001
    at Server.setupListenHandle [as _listen2] (node:net:1902:16)
    at listenInCluster (node:net:1959:12)
    at Server.listen (node:net:2061:7)
    at Function.listen (/Users/ethangouveia/Coding/02_Current_Projects/hyperdeck_control/hyperdeck-control/node_modules/express/lib/application.js:635:24)
    at main (file:///Users/ethangouveia/Coding/02_Current_Projects/hyperdeck_control/hyperdeck-control/src/Relay/RelayServer.js:103:9)
    at process.processTicksAndRejections (node:internal/process/task_queues:95:5)
Emitted 'error' event on Server instance at:
    at emitErrorNT (node:net:1938:8)
    at process.processTicksAndRejections (node:internal/process/task_queues:82:21) {
  code: 'EADDRINUSE',
  errno: -48,
  syscall: 'listen',
  address: '::',
  port: 4001
}

Node.js v22.6.0
ethangouveia@Ethans-MacBook-Air-4 Relay % node RelayServer.js
{"code":500,"connection info:":{"protocol version":"1.8","model":"HyperDeck Studio"}}
{"code":500,"connection info:":{"protocol version":"1.8","model":"HyperDeck Studio"}}
node:events:498
      throw er; // Unhandled 'error' event
      ^

Error: listen EADDRINUSE: address already in use :::4001
    at Server.setupListenHandle [as _listen2] (node:net:1902:16)
    at listenInCluster (node:net:1959:12)
    at Server.listen (node:net:2061:7)
    at Function.listen (/Users/ethangouveia/Coding/02_Current_Projects/hyperdeck_control/hyperdeck-control/node_modules/express/lib/application.js:635:24)
    at main (file:///Users/ethangouveia/Coding/02_Current_Projects/hyperdeck_control/hyperdeck-control/src/Relay/RelayServer.js:102:9)
    at process.processTicksAndRejections (node:internal/process/task_queues:95:5)
Emitted 'error' event on Server instance at:
    at emitErrorNT (node:net:1938:8)
    at process.processTicksAndRejections (node:internal/process/task_queues:82:21) {
  code: 'EADDRINUSE',
  errno: -48,
  syscall: 'listen',
  address: '::',
  port: 4001
}

Node.js v22.6.0
ethangouveia@Ethans-MacBook-Air-4 Relay % node RelayServer.js
{"code":500,"connection info:":{"protocol version":"1.8","model":"HyperDeck Studio"}}
node:events:498
      throw er; // Unhandled 'error' event
      ^

Error: listen EADDRINUSE: address already in use :::4001
    at Server.setupListenHandle [as _listen2] (node:net:1902:16)
    at listenInCluster (node:net:1959:12)
    at Server.listen (node:net:2061:7)
    at Function.listen (/Users/ethangouveia/Coding/02_Current_Projects/hyperdeck_control/hyperdeck-control/node_modules/express/lib/application.js:635:24)
    at main (file:///Users/ethangouveia/Coding/02_Current_Projects/hyperdeck_control/hyperdeck-control/src/Relay/RelayServer.js:102:9)
    at process.processTicksAndRejections (node:internal/process/task_queues:95:5)
Emitted 'error' event on Server instance at:
    at emitErrorNT (node:net:1938:8)
    at process.processTicksAndRejections (node:internal/process/task_queues:82:21) {
  code: 'EADDRINUSE',
  errno: -48,
  syscall: 'listen',
  address: '::',
  port: 4001
}

Node.js v22.6.0
ethangouveia@Ethans-MacBook-Air-4 Relay % nc 10.61.57.142 9993
500 connection info:
protocol version: 1.8
model: HyperDeck Studio

clips get
205 clips info:
clip count: 49
1: 00 7NEWS LOGO LOOP.mov 12:53:34:04 00:02:00:00
2: 01 THE LATEST LOGO LOOP.mov 00:00:00:00 00:00:20:00
3: 02 SUNRISE SET MCU.mov 10:14:40:24 00:00:20:00
4: 03 NEWSROOM SET MCU.mov 15:14:35:19 00:00:29:24
5: 04 4PM SET MCU.mov 15:16:39:09 00:00:19:24
6: 05 SUMMER EVENING SET MCU.mov 15:19:17:06 00:00:19:24
7: 06 WINTER EVENING SET MCU.mov 15:18:09:07 00:00:19:24
8: 07 SUMMER SPORT SET MCU.mov 15:21:02:05 00:00:19:24
9: 09 WINTER SPORT SET MCU.mov 13:50:39:12 00:00:20:00
10: 10 WINTER SPORT SET OTS.mov 15:20:07:19 00:00:19:24
11: 11 THE LATEST SET MCU.mov 10:31:56:18 00:00:19:24
12: 13 SUNRISE PERTH OTS BACKGROUND.mov 00:00:00:00 00:00:20:00
13: 15 NETWORK SET MCU.mov 20:03:23:22 00:00:20:00
14: 16 NETWORK SPORT SET MCU.mov 16:52:48:08 00:00:20:01
15: 20 SUNRISE EAST PERTH BRIGHT.mov 07:23:46:17 00:00:20:00
16: 21 SUNRISE EAST PERTH DIM.mov 07:16:39:13 00:00:20:00
17: 22 SUNRISE EAST PERTH WIDE.mov 07:12:12:23 00:00:20:00
18: 23 SUNRISE ELIZABETH QUAY.mov 07:13:22:07 00:00:20:01
19: 24 SUNRISE SOUTH PERTH BRIGHT.mov 08:05:56:21 00:00:20:00
20: 25 SUNRISE SOUTH PERTH OVERCAST.mov 07:13:36:15 00:00:20:00
21: 26 SUNRISE SOUTH PERTH SUMMER.mov 00:02:23:00 00:00:20:00
22: 27 SUNRISE SOUTH PERTH WINTER.mov 07:09:07:12 00:00:30:00
23: 30 CAM 6 DAYTIME FAIR.mov 00:30:43:04 00:00:20:00
24: 31 CAM 6 DAYTIME OVERCAST.mov 12:19:41:16 00:00:20:00
25: 32 CAM 6 DAYTIME RAINING.mov 12:38:42:09 00:00:20:00
26: 33 CAM 6 NIGHT.mov 15:50:12:20 00:00:05:17
27: 40 GENERIC MULTIVIEW SET.mov 00:00:00:00 00:00:20:00
28: 41 GENERIC CONTROL ROOM SET.mov 09:59:21:20 00:00:20:00
29: 50 PLAIN WHITE.mov 00:00:00:00 00:00:10:00
30: 51 CHROMA KEY GREEN.mov 10:56:32:14 00:00:10:00
31: 52 GENERIC WHITE GFX.mov 00:00:00:00 00:00:20:00
32: 53 GENERIC BLACK GFX.mov 00:00:00:00 00:00:20:00
33: 54 GENERIC BLACK WHITE GFX.mov 00:00:00:00 00:00:20:00
34: 55 GENERIC BLACK AND RED GFX.mov 00:00:00:00 00:00:20:00
35: 60 JAMTV HORSE RACING.mov 00:00:00:00 00:00:20:00
36: 61 SPORT GENERIC AFL BLACK.mov 00:00:00:00 00:00:20:00
37: 62 SPORT GENERIC AFL WHITE.mov 00:00:00:00 00:00:20:00
38: 63 SPORT GENERIC AFL.mov 00:00:00:00 00:00:10:00
39: 64 SPORT OPTUS STADIUM DAY.mov 07:16:09:00 00:00:40:00
40: 65 SPORT OPTUS STADIUM EVENING.mov 00:03:52:23 00:00:10:00
41: 66 SPORT OPTUS STADIUM NIGHT.mov 00:00:00:00 00:00:10:00
42: 67 SPORT WAFL.mov 00:00:04:24 00:00:10:00
43: 70 SPOTLIGHT 1.mov 10:00:00:00 00:00:05:00
44: 71 SPOTLIGHT 2.mov 10:00:00:00 00:00:05:00
45: 72 SPOTLIGHT 3.mov 14:16:14:10 00:00:24:10
46: 90 TEST CHECKERBOARD LINES.mov 13:47:59:18 00:00:20:12
47: 91 TEST CHECKERBOARD NO LINES.mov 13:49:46:10 00:00:22:16
48: Capture0000.mov 00:00:00:00 00:00:01:10
49: Capture0001.mov 00:00:00:00 00:00:06:00

^C
ethangouveia@Ethans-MacBook-Air-4 Relay % node RelayServer.js 
{"code":500,"connection info:":{"protocol version":"1.8","model":"HyperDeck Studio"}}
node:events:498
      throw er; // Unhandled 'error' event
      ^

Error: listen EADDRINUSE: address already in use :::4001
    at Server.setupListenHandle [as _listen2] (node:net:1902:16)
    at listenInCluster (node:net:1959:12)
    at Server.listen (node:net:2061:7)
    at Function.listen (/Users/ethangouveia/Coding/02_Current_Projects/hyperdeck_control/hyperdeck-control/node_modules/express/lib/application.js:635:24)
    at main (file:///Users/ethangouveia/Coding/02_Current_Projects/hyperdeck_control/hyperdeck-control/src/Relay/RelayServer.js:102:9)
    at process.processTicksAndRejections (node:internal/process/task_queues:95:5)
Emitted 'error' event on Server instance at:
    at emitErrorNT (node:net:1938:8)
    at process.processTicksAndRejections (node:internal/process/task_queues:82:21) {
  code: 'EADDRINUSE',
  errno: -48,
  syscall: 'listen',
  address: '::',
  port: 4001
}

Node.js v22.6.0
ethangouveia@Ethans-MacBook-Air-4 Relay % node RelayServer.js
{"code":500,"connection info:":{"protocol version":"1.8","model":"HyperDeck Studio"}}
Server is listening on port 4000
{"code":205,"clips info:":{"1":"00 7NEWS LOGO LOOP.mov 12:53:34:04 00:02:00:00","2":"01 THE LATEST LOGO LOOP.mov 00:00:00:00 00:00:20:00","3":"02 SUNRISE SET MCU.mov 10:14:40:24 00:00:20:00","4":"03 NEWSROOM SET MCU.mov 15:14:35:19 00:00:29:24","5":"04 4PM SET MCU.mov 15:16:39:09 00:00:19:24","clip count":"49"}}
{"code":null,"5 SUMMER EVENING SET MCU.mov 15:19:17:06 00:00:19:24":{"7":"06 WINTER EVENING SET MCU.mov 15:18:09:07 00:00:19:24","8":"07 SUMMER SPORT SET MCU.mov 15:21:02:05 00:00:19:24","9":"09 WINTER SPORT SET MCU.mov 13:50:39:12 00:00:20:00","10":"10 WINTER SPORT SET OTS.mov 15:20:07:19 00:00:19:24"}}
{"code":null,"11 THE LATEST SET MCU.mov 10:31:56:18 00:00:19:24":{"12":"13 SUNRISE PERTH OTS BACKGROUND.mov 00:00:00:00 00:00:20:00","13":"15 NETWORK SET MCU.mov 20:03:23:22 00:00:20:00","14":"16 NETWORK SPORT SET MCU.mov 16:52:48:08 00:00:20:01","15":"20 SUNRISE EAST PERTH BRIGHT.mov 07:23:46:17 00:00:20:00"}}
{"code":null,"21 SUNRISE EAST PERTH DIM.mov 07:16:39:13 00:00:20:00":{"17":"22 SUNRISE EAST PERTH WIDE.mov 07:12:12:23 00:00:20:00","18":"23 SUNRISE ELIZABETH QUAY.mov 07:13:22:07 00:00:20:01","19":"24 SUNRISE SOUTH PERTH BRIGHT.mov 08:05:56:21 00:00:20:00","20":"25 SUNRISE SOUTH PERTH OVERCAST.mov 07:13:36:15 00:00:20:00"}}
{"code":null,"26 SUNRISE SOUTH PERTH SUMMER.mov 00:02:23:00 00:00:20:00":{"22":"27 SUNRISE SOUTH PERTH WINTER.mov 07:09:07:12 00:00:30:00","23":"30 CAM 6 DAYTIME FAIR.mov 00:30:43:04 00:00:20:00","24":"31 CAM 6 DAYTIME OVERCAST.mov 12:19:41:16 00:00:20:00","25":"32 CAM 6 DAYTIME RAINING.mov 12:38:42:09 00:00:20:00"}}
{"code":null,"33 CAM 6 NIGHT.mov 15:50:12:20 00:00:05:17":{"27":"40 GENERIC MULTIVIEW SET.mov 00:00:00:00 00:00:20:00","28":"41 GENERIC CONTROL ROOM SET.mov 09:59:21:20 00:00:20:00","29":"50 PLAIN WHITE.mov 00:00:00:00 00:00:10:00","30":"51 CHROMA KEY GREEN.mov 10:56:32:14 00:00:10:00"}}
{"code":null,"52 GENERIC WHITE GFX.mov 00:00:00:00 00:00:20:00":{"32":"53 GENERIC BLACK GFX.mov 00:00:00:00 00:00:20:00","33":"54 GENERIC BLACK WHITE GFX.mov 00:00:00:00 00:00:20:00","34":"55 GENERIC BLACK AND RED GFX.mov 00:00:00:00 00:00:20:00","35":"60 JAMTV HORSE RACING.mov 00:00:00:00 00:00:20:00"}}
{"code":null,"61 SPORT GENERIC AFL BLACK.mov 00:00:00:00 00:00:20:00":{"37":"62 SPORT GENERIC AFL WHITE.mov 00:00:00:00 00:00:20:00","38":"63 SPORT GENERIC AFL.mov 00:00:00:00 00:00:10:00","39":"64 SPORT OPTUS STADIUM DAY.mov 07:16:09:00 00:00:40:00","40":"65 SPORT OPTUS STADIUM EVENING.mov 00:03:52:23 00:00:10:00"}}
{"code":null,"66 SPORT OPTUS STADIUM NIGHT.mov 00:00:00:00 00:00:10:00":{"42":"67 SPORT WAFL.mov 00:00:04:24 00:00:10:00","43":"70 SPOTLIGHT 1.mov 10:00:00:00 00:00:05:00","44":"71 SPOTLIGHT 2.mov 10:00:00:00 00:00:05:00","45":"72 SPOTLIGHT 3.mov 14:16:14:10 00:00:24:10"}}
{"code":null,"90 TEST CHECKERBOARD LINES.mov 13:47:59:18 00:00:20:12":{"47":"91 TEST CHECKERBOARD NO LINES.mov 13:49:46:10 00:00:22:16","48":"Capture0000.mov 00:00:00:00 00:00:01:10","49":"Capture0001.mov 00:00:00:00 00:00:06:00"}}
{"code":205,"clips info:":{"1":"00 7NEWS LOGO LOOP.mov 12:53:34:04 00:02:00:00","2":"01 THE LATEST LOGO LOOP.mov 00:00:00:00 00:00:20:00","3":"02 SUNRISE SET MCU.mov 10:14:40:24 00:00:20:00","4":"03 NEWSROOM SET MCU.mov 15:14:35:19 00:00:29:24","5":"04 4PM SET MCU.mov 15:16:39:09 00:00:19:24","clip count":"49"}}
file:///Users/ethangouveia/Coding/02_Current_Projects/hyperdeck_control/hyperdeck-control/src/Relay/Hyperdeck.js:60
        resolve(jsonifyHyperdeck(data));
        ^

ReferenceError: resolve is not defined
    at Socket.<anonymous> (file:///Users/ethangouveia/Coding/02_Current_Projects/hyperdeck_control/hyperdeck-control/src/Relay/Hyperdeck.js:60:9)
    at Object.onceWrapper (node:events:634:28)
    at Socket.emit (node:events:532:35)
    at Socket._onTimeout (node:net:589:8)
    at listOnTimeout (node:internal/timers:581:17)
    at process.processTimers (node:internal/timers:519:7)

Node.js v22.6.0
ethangouveia@Ethans-MacBook-Air-4 Relay % node RelayServer.js
{"code":500,"connection info:":{"protocol version":"1.8","model":"HyperDeck Studio"}}
file:///Users/ethangouveia/Coding/02_Current_Projects/hyperdeck_control/hyperdeck-control/src/Relay/RelayServer.js:10
        console.log(clipList.parse())
                             ^

TypeError: Cannot read properties of undefined (reading 'parse')
    at initHyperdeck (file:///Users/ethangouveia/Coding/02_Current_Projects/hyperdeck_control/hyperdeck-control/src/Relay/RelayServer.js:10:30)
    at process.processTicksAndRejections (node:internal/process/task_queues:95:5)
    at async main (file:///Users/ethangouveia/Coding/02_Current_Projects/hyperdeck_control/hyperdeck-control/src/Relay/RelayServer.js:18:17)

Node.js v22.6.0
ethangouveia@Ethans-MacBook-Air-4 Relay % node RelayServer.js
{"code":500,"connection info:":{"protocol version":"1.8","model":"HyperDeck Studio"}}
undefined:1
undefined
^

SyntaxError: "undefined" is not valid JSON
    at JSON.parse (<anonymous>)
    at initHyperdeck (file:///Users/ethangouveia/Coding/02_Current_Projects/hyperdeck_control/hyperdeck-control/src/Relay/RelayServer.js:10:26)
    at process.processTicksAndRejections (node:internal/process/task_queues:95:5)
    at async main (file:///Users/ethangouveia/Coding/02_Current_Projects/hyperdeck_control/hyperdeck-control/src/Relay/RelayServer.js:18:17)

Node.js v22.6.0
ethangouveia@Ethans-MacBook-Air-4 Relay % node RelayServer.js
{"code":500,"connection info:":{"protocol version":"1.8","model":"HyperDeck Studio"}}
undefined:1
undefined
^

SyntaxError: "undefined" is not valid JSON
    at JSON.parse (<anonymous>)
    at initHyperdeck (file:///Users/ethangouveia/Coding/02_Current_Projects/hyperdeck_control/hyperdeck-control/src/Relay/RelayServer.js:10:14)
    at process.processTicksAndRejections (node:internal/process/task_queues:95:5)
    at async main (file:///Users/ethangouveia/Coding/02_Current_Projects/hyperdeck_control/hyperdeck-control/src/Relay/RelayServer.js:18:17)

Node.js v22.6.0
ethangouveia@Ethans-MacBook-Air-4 Relay % node RelayServer.js
{"code":500,"connection info:":{"protocol version":"1.8","model":"HyperDeck Studio"}}
Server is listening on port 4000
{"code":205,"clips info:":{"1":"00 7NEWS LOGO LOOP.mov 12:53:34:04 00:02:00:00","2":"01 THE LATEST LOGO LOOP.mov 00:00:00:00 00:00:20:00","3":"02 SUNRISE SET MCU.mov 10:14:40:24 00:00:20:00","4":"03 NEWSROOM SET MCU.mov 15:14:35:19 00:00:29:24","5":"04 4PM SET MCU.mov 15:16:39:09 00:00:19:24","clip count":"49"}}
{"code":null,"5 SUMMER EVENING SET MCU.mov 15:19:17:06 00:00:19:24":{"7":"06 WINTER EVENING SET MCU.mov 15:18:09:07 00:00:19:24","8":"07 SUMMER SPORT SET MCU.mov 15:21:02:05 00:00:19:24","9":"09 WINTER SPORT SET MCU.mov 13:50:39:12 00:00:20:00","10":"10 WINTER SPORT SET OTS.mov 15:20:07:19 00:00:19:24"}}
{"code":null,"11 THE LATEST SET MCU.mov 10:31:56:18 00:00:19:24":{"12":"13 SUNRISE PERTH OTS BACKGROUND.mov 00:00:00:00 00:00:20:00","13":"15 NETWORK SET MCU.mov 20:03:23:22 00:00:20:00","14":"16 NETWORK SPORT SET MCU.mov 16:52:48:08 00:00:20:01","15":"20 SUNRISE EAST PERTH BRIGHT.mov 07:23:46:17 00:00:20:00"}}
{"code":null,"21 SUNRISE EAST PERTH DIM.mov 07:16:39:13 00:00:20:00":{"17":"22 SUNRISE EAST PERTH WIDE.mov 07:12:12:23 00:00:20:00","18":"23 SUNRISE ELIZABETH QUAY.mov 07:13:22:07 00:00:20:01","19":"24 SUNRISE SOUTH PERTH BRIGHT.mov 08:05:56:21 00:00:20:00","20":"25 SUNRISE SOUTH PERTH OVERCAST.mov 07:13:36:15 00:00:20:00"}}
{"code":null,"26 SUNRISE SOUTH PERTH SUMMER.mov 00:02:23:00 00:00:20:00":{"22":"27 SUNRISE SOUTH PERTH WINTER.mov 07:09:07:12 00:00:30:00","23":"30 CAM 6 DAYTIME FAIR.mov 00:30:43:04 00:00:20:00","24":"31 CAM 6 DAYTIME OVERCAST.mov 12:19:41:16 00:00:20:00","25":"32 CAM 6 DAYTIME RAINING.mov 12:38:42:09 00:00:20:00"}}
{"code":null,"33 CAM 6 NIGHT.mov 15:50:12:20 00:00:05:17":{"27":"40 GENERIC MULTIVIEW SET.mov 00:00:00:00 00:00:20:00","28":"41 GENERIC CONTROL ROOM SET.mov 09:59:21:20 00:00:20:00","29":"50 PLAIN WHITE.mov 00:00:00:00 00:00:10:00","30":"51 CHROMA KEY GREEN.mov 10:56:32:14 00:00:10:00"}}
{"code":null,"52 GENERIC WHITE GFX.mov 00:00:00:00 00:00:20:00":{"32":"53 GENERIC BLACK GFX.mov 00:00:00:00 00:00:20:00","33":"54 GENERIC BLACK WHITE GFX.mov 00:00:00:00 00:00:20:00","34":"55 GENERIC BLACK AND RED GFX.mov 00:00:00:00 00:00:20:00","35":"60 JAMTV HORSE RACING.mov 00:00:00:00 00:00:20:00"}}
{"code":null,"61 SPORT GENERIC AFL BLACK.mov 00:00:00:00 00:00:20:00":{"37":"62 SPORT GENERIC AFL WHITE.mov 00:00:00:00 00:00:20:00","38":"63 SPORT GENERIC AFL.mov 00:00:00:00 00:00:10:00","39":"64 SPORT OPTUS STADIUM DAY.mov 07:16:09:00 00:00:40:00","40":"65 SPORT OPTUS STADIUM EVENING.mov 00:03:52:23 00:00:10:00"}}
{"code":null,"66 SPORT OPTUS STADIUM NIGHT.mov 00:00:00:00 00:00:10:00":{"42":"67 SPORT WAFL.mov 00:00:04:24 00:00:10:00","43":"70 SPOTLIGHT 1.mov 10:00:00:00 00:00:05:00","44":"71 SPOTLIGHT 2.mov 10:00:00:00 00:00:05:00","45":"72 SPOTLIGHT 3.mov 14:16:14:10 00:00:24:10"}}
{"code":null,"90 TEST CHECKERBOARD LINES.mov 13:47:59:18 00:00:20:12":{"47":"91 TEST CHECKERBOARD NO LINES.mov 13:49:46:10 00:00:22:16","48":"Capture0000.mov 00:00:00:00 00:00:01:10","49":"Capture0001.mov 00:00:00:00 00:00:06:00"}}
{"code":205,"clips info:":{"1":"00 7NEWS LOGO LOOP.mov 12:53:34:04 00:02:00:00","2":"01 THE LATEST LOGO LOOP.mov 00:00:00:00 00:00:20:00","3":"02 SUNRISE SET MCU.mov 10:14:40:24 00:00:20:00","4":"03 NEWSROOM SET MCU.mov 15:14:35:19 00:00:29:24","5":"04 4PM SET MCU.mov 15:16:39:09 00:00:19:24","clip count":"49"}}
file:///Users/ethangouveia/Coding/02_Current_Projects/hyperdeck_control/hyperdeck-control/src/Relay/Hyperdeck.js:60
        resolve(jsonifyHyperdeck(data));
        ^

ReferenceError: resolve is not defined
    at Socket.<anonymous> (file:///Users/ethangouveia/Coding/02_Current_Projects/hyperdeck_control/hyperdeck-control/src/Relay/Hyperdeck.js:60:9)
    at Object.onceWrapper (node:events:634:28)
    at Socket.emit (node:events:532:35)
    at Socket._onTimeout (node:net:589:8)
    at listOnTimeout (node:internal/timers:581:17)
    at process.processTimers (node:internal/timers:519:7)

Node.js v22.6.0
ethangouveia@Ethans-MacBook-Air-4 Relay % node RelayServer.js
{"code":500,"connection info:":{"protocol version":"1.8","model":"HyperDeck Studio"}}
Server is listening on port 4000
{"code":205,"clips info:":{"1":"00 7NEWS LOGO LOOP.mov 12:53:34:04 00:02:00:00","2":"01 THE LATEST LOGO LOOP.mov 00:00:00:00 00:00:20:00","3":"02 SUNRISE SET MCU.mov 10:14:40:24 00:00:20:00","4":"03 NEWSROOM SET MCU.mov 15:14:35:19 00:00:29:24","5":"04 4PM SET MCU.mov 15:16:39:09 00:00:19:24","clip count":"49"}}
{"code":205,"clips info:":{"1":"00 7NEWS LOGO LOOP.mov 12:53:34:04 00:02:00:00","2":"01 THE LATEST LOGO LOOP.mov 00:00:00:00 00:00:20:00","3":"02 SUNRISE SET MCU.mov 10:14:40:24 00:00:20:00","4":"03 NEWSROOM SET MCU.mov 15:14:35:19 00:00:29:24","5":"04 4PM SET MCU.mov 15:16:39:09 00:00:19:24","clip count":"49"}}
file:///Users/ethangouveia/Coding/02_Current_Projects/hyperdeck_control/hyperdeck-control/src/Relay/Hyperdeck.js:60
        resolve(jsonifyHyperdeck(data));
        ^

ReferenceError: resolve is not defined
    at Socket.<anonymous> (file:///Users/ethangouveia/Coding/02_Current_Projects/hyperdeck_control/hyperdeck-control/src/Relay/Hyperdeck.js:60:9)
    at Socket.emit (node:events:532:35)
    at addChunk (node:internal/streams/readable:559:12)
    at readableAddChunkPushByteMode (node:internal/streams/readable:510:3)
    at Readable.push (node:internal/streams/readable:390:5)
    at TCP.onStreamRead (node:internal/stream_base_commons:191:23)

Node.js v22.6.0
ethangouveia@Ethans-MacBook-Air-4 Relay % node RelayServer.js
{"code":500,"connection info:":{"protocol version":"1.8","model":"HyperDeck Studio"}}
Server is listening on port 4000
{"code":205,"clips info:":{"1":"00 7NEWS LOGO LOOP.mov 12:53:34:04 00:02:00:00","2":"01 THE LATEST LOGO LOOP.mov 00:00:00:00 00:00:20:00","3":"02 SUNRISE SET MCU.mov 10:14:40:24 00:00:20:00","4":"03 NEWSROOM SET MCU.mov 15:14:35:19 00:00:29:24","5":"04 4PM SET MCU.mov 15:16:39:09 00:00:19:24","clip count":"49"}}
{"code":null,"5 SUMMER EVENING SET MCU.mov 15:19:17:06 00:00:19:24":{"7":"06 WINTER EVENING SET MCU.mov 15:18:09:07 00:00:19:24","8":"07 SUMMER SPORT SET MCU.mov 15:21:02:05 00:00:19:24","9":"09 WINTER SPORT SET MCU.mov 13:50:39:12 00:00:20:00","10":"10 WINTER SPORT SET OTS.mov 15:20:07:19 00:00:19:24"}}
{"code":null,"11 THE LATEST SET MCU.mov 10:31:56:18 00:00:19:24":{"12":"13 SUNRISE PERTH OTS BACKGROUND.mov 00:00:00:00 00:00:20:00","13":"15 NETWORK SET MCU.mov 20:03:23:22 00:00:20:00","14":"16 NETWORK SPORT SET MCU.mov 16:52:48:08 00:00:20:01","15":"20 SUNRISE EAST PERTH BRIGHT.mov 07:23:46:17 00:00:20:00"}}
{"code":null,"21 SUNRISE EAST PERTH DIM.mov 07:16:39:13 00:00:20:00":{"17":"22 SUNRISE EAST PERTH WIDE.mov 07:12:12:23 00:00:20:00","18":"23 SUNRISE ELIZABETH QUAY.mov 07:13:22:07 00:00:20:01","19":"24 SUNRISE SOUTH PERTH BRIGHT.mov 08:05:56:21 00:00:20:00","20":"25 SUNRISE SOUTH PERTH OVERCAST.mov 07:13:36:15 00:00:20:00"}}
{"code":null,"26 SUNRISE SOUTH PERTH SUMMER.mov 00:02:23:00 00:00:20:00":{"22":"27 SUNRISE SOUTH PERTH WINTER.mov 07:09:07:12 00:00:30:00","23":"30 CAM 6 DAYTIME FAIR.mov 00:30:43:04 00:00:20:00","24":"31 CAM 6 DAYTIME OVERCAST.mov 12:19:41:16 00:00:20:00","25":"32 CAM 6 DAYTIME RAINING.mov 12:38:42:09 00:00:20:00"}}
{"code":null,"33 CAM 6 NIGHT.mov 15:50:12:20 00:00:05:17":{"27":"40 GENERIC MULTIVIEW SET.mov 00:00:00:00 00:00:20:00","28":"41 GENERIC CONTROL ROOM SET.mov 09:59:21:20 00:00:20:00","29":"50 PLAIN WHITE.mov 00:00:00:00 00:00:10:00","30":"51 CHROMA KEY GREEN.mov 10:56:32:14 00:00:10:00"}}
{"code":null,"52 GENERIC WHITE GFX.mov 00:00:00:00 00:00:20:00":{"32":"53 GENERIC BLACK GFX.mov 00:00:00:00 00:00:20:00","33":"54 GENERIC BLACK WHITE GFX.mov 00:00:00:00 00:00:20:00","34":"55 GENERIC BLACK AND RED GFX.mov 00:00:00:00 00:00:20:00","35":"60 JAMTV HORSE RACING.mov 00:00:00:00 00:00:20:00"}}
{"code":null,"61 SPORT GENERIC AFL BLACK.mov 00:00:00:00 00:00:20:00":{"37":"62 SPORT GENERIC AFL WHITE.mov 00:00:00:00 00:00:20:00","38":"63 SPORT GENERIC AFL.mov 00:00:00:00 00:00:10:00","39":"64 SPORT OPTUS STADIUM DAY.mov 07:16:09:00 00:00:40:00","40":"65 SPORT OPTUS STADIUM EVENING.mov 00:03:52:23 00:00:10:00"}}
{"code":null,"66 SPORT OPTUS STADIUM NIGHT.mov 00:00:00:00 00:00:10:00":{"42":"67 SPORT WAFL.mov 00:00:04:24 00:00:10:00","43":"70 SPOTLIGHT 1.mov 10:00:00:00 00:00:05:00","44":"71 SPOTLIGHT 2.mov 10:00:00:00 00:00:05:00","45":"72 SPOTLIGHT 3.mov 14:16:14:10 00:00:24:10"}}
{"code":null,"90 TEST CHECKERBOARD LINES.mov 13:47:59:18 00:00:20:12":{"47":"91 TEST CHECKERBOARD NO LINES.mov 13:49:46:10 00:00:22:16","48":"Capture0000.mov 00:00:00:00 00:00:01:10","49":"Capture0001.mov 00:00:00:00 00:00:06:00"}}
{"code":205,"clips info:":{"1":"00 7NEWS LOGO LOOP.mov 12:53:34:04 00:02:00:00","2":"01 THE LATEST LOGO LOOP.mov 00:00:00:00 00:00:20:00","3":"02 SUNRISE SET MCU.mov 10:14:40:24 00:00:20:00","4":"03 NEWSROOM SET MCU.mov 15:14:35:19 00:00:29:24","5":"04 4PM SET MCU.mov 15:16:39:09 00:00:19:24","clip count":"49"}}
file:///Users/ethangouveia/Coding/02_Current_Projects/hyperdeck_control/hyperdeck-control/src/Relay/Hyperdeck.js:60
        resolve(jsonifyHyperdeck(data));
        ^

ReferenceError: resolve is not defined
    at Socket.<anonymous> (file:///Users/ethangouveia/Coding/02_Current_Projects/hyperdeck_control/hyperdeck-control/src/Relay/Hyperdeck.js:60:9)
    at Object.onceWrapper (node:events:634:28)
    at Socket.emit (node:events:532:35)
    at Socket._onTimeout (node:net:589:8)
    at listOnTimeout (node:internal/timers:581:17)
    at process.processTimers (node:internal/timers:519:7)

Node.js v22.6.0
ethangouveia@Ethans-MacBook-Air-4 Relay % node RelayServer.js
{"code":500,"connection info:":{"protocol version":"1.8","model":"HyperDeck Studio"}}
Server is listening on port 4000
{"code":205,"clips info:":{"1":"00 7NEWS LOGO LOOP.mov 12:53:34:04 00:02:00:00","2":"01 THE LATEST LOGO LOOP.mov 00:00:00:00 00:00:20:00","3":"02 SUNRISE SET MCU.mov 10:14:40:24 00:00:20:00","4":"03 NEWSROOM SET MCU.mov 15:14:35:19 00:00:29:24","5":"04 4PM SET MCU.mov 15:16:39:09 00:00:19:24","clip count":"49"}}
{"code":null,"5 SUMMER EVENING SET MCU.mov 15:19:17:06 00:00:19:24":{"7":"06 WINTER EVENING SET MCU.mov 15:18:09:07 00:00:19:24","8":"07 SUMMER SPORT SET MCU.mov 15:21:02:05 00:00:19:24","9":"09 WINTER SPORT SET MCU.mov 13:50:39:12 00:00:20:00","10":"10 WINTER SPORT SET OTS.mov 15:20:07:19 00:00:19:24"}}
{"code":null,"11 THE LATEST SET MCU.mov 10:31:56:18 00:00:19:24":{"12":"13 SUNRISE PERTH OTS BACKGROUND.mov 00:00:00:00 00:00:20:00","13":"15 NETWORK SET MCU.mov 20:03:23:22 00:00:20:00","14":"16 NETWORK SPORT SET MCU.mov 16:52:48:08 00:00:20:01","15":"20 SUNRISE EAST PERTH BRIGHT.mov 07:23:46:17 00:00:20:00"}}
{"code":null,"21 SUNRISE EAST PERTH DIM.mov 07:16:39:13 00:00:20:00":{"17":"22 SUNRISE EAST PERTH WIDE.mov 07:12:12:23 00:00:20:00","18":"23 SUNRISE ELIZABETH QUAY.mov 07:13:22:07 00:00:20:01","19":"24 SUNRISE SOUTH PERTH BRIGHT.mov 08:05:56:21 00:00:20:00","20":"25 SUNRISE SOUTH PERTH OVERCAST.mov 07:13:36:15 00:00:20:00"}}
{"code":null,"26 SUNRISE SOUTH PERTH SUMMER.mov 00:02:23:00 00:00:20:00":{"22":"27 SUNRISE SOUTH PERTH WINTER.mov 07:09:07:12 00:00:30:00","23":"30 CAM 6 DAYTIME FAIR.mov 00:30:43:04 00:00:20:00","24":"31 CAM 6 DAYTIME OVERCAST.mov 12:19:41:16 00:00:20:00","25":"32 CAM 6 DAYTIME RAINING.mov 12:38:42:09 00:00:20:00"}}
{"code":null,"33 CAM 6 NIGHT.mov 15:50:12:20 00:00:05:17":{"27":"40 GENERIC MULTIVIEW SET.mov 00:00:00:00 00:00:20:00","28":"41 GENERIC CONTROL ROOM SET.mov 09:59:21:20 00:00:20:00","29":"50 PLAIN WHITE.mov 00:00:00:00 00:00:10:00","30":"51 CHROMA KEY GREEN.mov 10:56:32:14 00:00:10:00"}}
{"code":null,"52 GENERIC WHITE GFX.mov 00:00:00:00 00:00:20:00":{"32":"53 GENERIC BLACK GFX.mov 00:00:00:00 00:00:20:00","33":"54 GENERIC BLACK WHITE GFX.mov 00:00:00:00 00:00:20:00","34":"55 GENERIC BLACK AND RED GFX.mov 00:00:00:00 00:00:20:00","35":"60 JAMTV HORSE RACING.mov 00:00:00:00 00:00:20:00"}}
{"code":null,"61 SPORT GENERIC AFL BLACK.mov 00:00:00:00 00:00:20:00":{"37":"62 SPORT GENERIC AFL WHITE.mov 00:00:00:00 00:00:20:00","38":"63 SPORT GENERIC AFL.mov 00:00:00:00 00:00:10:00","39":"64 SPORT OPTUS STADIUM DAY.mov 07:16:09:00 00:00:40:00","40":"65 SPORT OPTUS STADIUM EVENING.mov 00:03:52:23 00:00:10:00"}}
{"code":null,"66 SPORT OPTUS STADIUM NIGHT.mov 00:00:00:00 00:00:10:00":{"42":"67 SPORT WAFL.mov 00:00:04:24 00:00:10:00","43":"70 SPOTLIGHT 1.mov 10:00:00:00 00:00:05:00","44":"71 SPOTLIGHT 2.mov 10:00:00:00 00:00:05:00","45":"72 SPOTLIGHT 3.mov 14:16:14:10 00:00:24:10"}}
{"code":null,"90 TEST CHECKERBOARD LINES.mov 13:47:59:18 00:00:20:12":{"47":"91 TEST CHECKERBOARD NO LINES.mov 13:49:46:10 00:00:22:16","48":"Capture0000.mov 00:00:00:00 00:00:01:10","49":"Capture0001.mov 00:00:00:00 00:00:06:00"}}
{"code":205,"clips info:":{"1":"00 7NEWS LOGO LOOP.mov 12:53:34:04 00:02:00:00","2":"01 THE LATEST LOGO LOOP.mov 00:00:00:00 00:00:20:00","3":"02 SUNRISE SET MCU.mov 10:14:40:24 00:00:20:00","4":"03 NEWSROOM SET MCU.mov 15:14:35:19 00:00:29:24","5":"04 4PM SET MCU.mov 15:16:39:09 00:00:19:24","clip count":"49"}}
file:///Users/ethangouveia/Coding/02_Current_Projects/hyperdeck_control/hyperdeck-control/src/Relay/Hyperdeck.js:61
        resolve(response);
        ^

ReferenceError: resolve is not defined
    at Socket.<anonymous> (file:///Users/ethangouveia/Coding/02_Current_Projects/hyperdeck_control/hyperdeck-control/src/Relay/Hyperdeck.js:61:9)
    at Object.onceWrapper (node:events:634:28)
    at Socket.emit (node:events:532:35)
    at Socket._onTimeout (node:net:589:8)
    at listOnTimeout (node:internal/timers:581:17)
    at process.processTimers (node:internal/timers:519:7)

Node.js v22.6.0
ethangouveia@Ethans-MacBook-Air-4 Relay % node RelayServer.js
{"code":500,"connection info:":{"protocol version":"1.8","model":"HyperDeck Studio"}}
{"code":205,"clips info:":{"1":"00 7NEWS LOGO LOOP.mov 12:53:34:04 00:02:00:00","2":"01 THE LATEST LOGO LOOP.mov 00:00:00:00 00:00:20:00","3":"02 SUNRISE SET MCU.mov 10:14:40:24 00:00:20:00","4":"03 NEWSROOM SET MCU.mov 15:14:35:19 00:00:29:24","5":"04 4PM SET MCU.mov 15:16:39:09 00:00:19:24","clip count":"49"}}
{"code":null,"5 SUMMER EVENING SET MCU.mov 15:19:17:06 00:00:19:24":{"7":"06 WINTER EVENING SET MCU.mov 15:18:09:07 00:00:19:24","8":"07 SUMMER SPORT SET MCU.mov 15:21:02:05 00:00:19:24","9":"09 WINTER SPORT SET MCU.mov 13:50:39:12 00:00:20:00","10":"10 WINTER SPORT SET OTS.mov 15:20:07:19 00:00:19:24"}}
{"code":null,"11 THE LATEST SET MCU.mov 10:31:56:18 00:00:19:24":{"12":"13 SUNRISE PERTH OTS BACKGROUND.mov 00:00:00:00 00:00:20:00","13":"15 NETWORK SET MCU.mov 20:03:23:22 00:00:20:00","14":"16 NETWORK SPORT SET MCU.mov 16:52:48:08 00:00:20:01","15":"20 SUNRISE EAST PERTH BRIGHT.mov 07:23:46:17 00:00:20:00"}}
{"code":null,"21 SUNRISE EAST PERTH DIM.mov 07:16:39:13 00:00:20:00":{"17":"22 SUNRISE EAST PERTH WIDE.mov 07:12:12:23 00:00:20:00","18":"23 SUNRISE ELIZABETH QUAY.mov 07:13:22:07 00:00:20:01","19":"24 SUNRISE SOUTH PERTH BRIGHT.mov 08:05:56:21 00:00:20:00","20":"25 SUNRISE SOUTH PERTH OVERCAST.mov 07:13:36:15 00:00:20:00"}}
{"code":null,"26 SUNRISE SOUTH PERTH SUMMER.mov 00:02:23:00 00:00:20:00":{"22":"27 SUNRISE SOUTH PERTH WINTER.mov 07:09:07:12 00:00:30:00","23":"30 CAM 6 DAYTIME FAIR.mov 00:30:43:04 00:00:20:00","24":"31 CAM 6 DAYTIME OVERCAST.mov 12:19:41:16 00:00:20:00","25":"32 CAM 6 DAYTIME RAINING.mov 12:38:42:09 00:00:20:00"}}
{"code":null,"33 CAM 6 NIGHT.mov 15:50:12:20 00:00:05:17":{"27":"40 GENERIC MULTIVIEW SET.mov 00:00:00:00 00:00:20:00","28":"41 GENERIC CONTROL ROOM SET.mov 09:59:21:20 00:00:20:00","29":"50 PLAIN WHITE.mov 00:00:00:00 00:00:10:00","30":"51 CHROMA KEY GREEN.mov 10:56:32:14 00:00:10:00"}}
{"code":null,"52 GENERIC WHITE GFX.mov 00:00:00:00 00:00:20:00":{"32":"53 GENERIC BLACK GFX.mov 00:00:00:00 00:00:20:00","33":"54 GENERIC BLACK WHITE GFX.mov 00:00:00:00 00:00:20:00","34":"55 GENERIC BLACK AND RED GFX.mov 00:00:00:00 00:00:20:00","35":"60 JAMTV HORSE RACING.mov 00:00:00:00 00:00:20:00"}}
{"code":null,"61 SPORT GENERIC AFL BLACK.mov 00:00:00:00 00:00:20:00":{"37":"62 SPORT GENERIC AFL WHITE.mov 00:00:00:00 00:00:20:00","38":"63 SPORT GENERIC AFL.mov 00:00:00:00 00:00:10:00","39":"64 SPORT OPTUS STADIUM DAY.mov 07:16:09:00 00:00:40:00","40":"65 SPORT OPTUS STADIUM EVENING.mov 00:03:52:23 00:00:10:00"}}
{"code":null,"66 SPORT OPTUS STADIUM NIGHT.mov 00:00:00:00 00:00:10:00":{"42":"67 SPORT WAFL.mov 00:00:04:24 00:00:10:00","43":"70 SPOTLIGHT 1.mov 10:00:00:00 00:00:05:00","44":"71 SPOTLIGHT 2.mov 10:00:00:00 00:00:05:00","45":"72 SPOTLIGHT 3.mov 14:16:14:10 00:00:24:10"}}
{"code":null,"90 TEST CHECKERBOARD LINES.mov 13:47:59:18 00:00:20:12":{"47":"91 TEST CHECKERBOARD NO LINES.mov 13:49:46:10 00:00:22:16","48":"Capture0000.mov 00:00:00:00 00:00:01:10","49":"Capture0001.mov 00:00:00:00 00:00:06:00"}}
{"code":205,"clips info:":{"1":"00 7NEWS LOGO LOOP.mov 12:53:34:04 00:02:00:00","2":"01 THE LATEST LOGO LOOP.mov 00:00:00:00 00:00:20:00","3":"02 SUNRISE SET MCU.mov 10:14:40:24 00:00:20:00","4":"03 NEWSROOM SET MCU.mov 15:14:35:19 00:00:29:24","5":"04 4PM SET MCU.mov 15:16:39:09 00:00:19:24","clip count":"49"}}
{"code":null,"5 SUMMER EVENING SET MCU.mov 15:19:17:06 00:00:19:24":{"7":"06 WINTER EVENING SET MCU.mov 15:18:09:07 00:00:19:24","8":"07 SUMMER SPORT SET MCU.mov 15:21:02:05 00:00:19:24","9":"09 WINTER SPORT SET MCU.mov 13:50:39:12 00:00:20:00","10":"10 WINTER SPORT SET OTS.mov 15:20:07:19 00:00:19:24"}}
{"code":null,"11 THE LATEST SET MCU.mov 10:31:56:18 00:00:19:24":{"12":"13 SUNRISE PERTH OTS BACKGROUND.mov 00:00:00:00 00:00:20:00","13":"15 NETWORK SET MCU.mov 20:03:23:22 00:00:20:00","14":"16 NETWORK SPORT SET MCU.mov 16:52:48:08 00:00:20:01","15":"20 SUNRISE EAST PERTH BRIGHT.mov 07:23:46:17 00:00:20:00"}}
{"code":null,"21 SUNRISE EAST PERTH DIM.mov 07:16:39:13 00:00:20:00":{"17":"22 SUNRISE EAST PERTH WIDE.mov 07:12:12:23 00:00:20:00","18":"23 SUNRISE ELIZABETH QUAY.mov 07:13:22:07 00:00:20:01","19":"24 SUNRISE SOUTH PERTH BRIGHT.mov 08:05:56:21 00:00:20:00","20":"25 SUNRISE SOUTH PERTH OVERCAST.mov 07:13:36:15 00:00:20:00"}}
{"code":null,"26 SUNRISE SOUTH PERTH SUMMER.mov 00:02:23:00 00:00:20:00":{"22":"27 SUNRISE SOUTH PERTH WINTER.mov 07:09:07:12 00:00:30:00","23":"30 CAM 6 DAYTIME FAIR.mov 00:30:43:04 00:00:20:00","24":"31 CAM 6 DAYTIME OVERCAST.mov 12:19:41:16 00:00:20:00","25":"32 CAM 6 DAYTIME RAINING.mov 12:38:42:09 00:00:20:00"}}
{"code":null,"33 CAM 6 NIGHT.mov 15:50:12:20 00:00:05:17":{"27":"40 GENERIC MULTIVIEW SET.mov 00:00:00:00 00:00:20:00","28":"41 GENERIC CONTROL ROOM SET.mov 09:59:21:20 00:00:20:00","29":"50 PLAIN WHITE.mov 00:00:00:00 00:00:10:00","30":"51 CHROMA KEY GREEN.mov 10:56:32:14 00:00:10:00"}}
{"code":null,"52 GENERIC WHITE GFX.mov 00:00:00:00 00:00:20:00":{"32":"53 GENERIC BLACK GFX.mov 00:00:00:00 00:00:20:00","33":"54 GENERIC BLACK WHITE GFX.mov 00:00:00:00 00:00:20:00","34":"55 GENERIC BLACK AND RED GFX.mov 00:00:00:00 00:00:20:00","35":"60 JAMTV HORSE RACING.mov 00:00:00:00 00:00:20:00"}}
{"code":null,"61 SPORT GENERIC AFL BLACK.mov 00:00:00:00 00:00:20:00":{"37":"62 SPORT GENERIC AFL WHITE.mov 00:00:00:00 00:00:20:00","38":"63 SPORT GENERIC AFL.mov 00:00:00:00 00:00:10:00","39":"64 SPORT OPTUS STADIUM DAY.mov 07:16:09:00 00:00:40:00","40":"65 SPORT OPTUS STADIUM EVENING.mov 00:03:52:23 00:00:10:00"}}
{"code":null,"66 SPORT OPTUS STADIUM NIGHT.mov 00:00:00:00 00:00:10:00":{"42":"67 SPORT WAFL.mov 00:00:04:24 00:00:10:00","43":"70 SPOTLIGHT 1.mov 10:00:00:00 00:00:05:00","44":"71 SPOTLIGHT 2.mov 10:00:00:00 00:00:05:00","45":"72 SPOTLIGHT 3.mov 14:16:14:10 00:00:24:10"}}
{"code":null,"90 TEST CHECKERBOARD LINES.mov 13:47:59:18 00:00:20:12":{"47":"91 TEST CHECKERBOARD NO LINES.mov 13:49:46:10 00:00:22:16","48":"Capture0000.mov 00:00:00:00 00:00:01:10","49":"Capture0001.mov 00:00:00:00 00:00:06:00"}}
Server is listening on port 4000
^C
ethangouveia@Ethans-MacBook-Air-4 Relay % node RelayServer.js
{"code":500,"connection info:":{"protocol version":"1.8","model":"HyperDeck Studio"}}
{"code":205,"clips info:":{"1":"00 7NEWS LOGO LOOP.mov 12:53:34:04 00:02:00:00","2":"01 THE LATEST LOGO LOOP.mov 00:00:00:00 00:00:20:00","3":"02 SUNRISE SET MCU.mov 10:14:40:24 00:00:20:00","4":"03 NEWSROOM SET MCU.mov 15:14:35:19 00:00:29:24","5":"04 4PM SET MCU.mov 15:16:39:09 00:00:19:24","clip count":"49"}}
{"code":null,"5 SUMMER EVENING SET MCU.mov 15:19:17:06 00:00:19:24":{"7":"06 WINTER EVENING SET MCU.mov 15:18:09:07 00:00:19:24","8":"07 SUMMER SPORT SET MCU.mov 15:21:02:05 00:00:19:24","9":"09 WINTER SPORT SET MCU.mov 13:50:39:12 00:00:20:00","10":"10 WINTER SPORT SET OTS.mov 15:20:07:19 00:00:19:24"}}
{"code":null,"11 THE LATEST SET MCU.mov 10:31:56:18 00:00:19:24":{"12":"13 SUNRISE PERTH OTS BACKGROUND.mov 00:00:00:00 00:00:20:00","13":"15 NETWORK SET MCU.mov 20:03:23:22 00:00:20:00","14":"16 NETWORK SPORT SET MCU.mov 16:52:48:08 00:00:20:01","15":"20 SUNRISE EAST PERTH BRIGHT.mov 07:23:46:17 00:00:20:00"}}
{"code":null,"21 SUNRISE EAST PERTH DIM.mov 07:16:39:13 00:00:20:00":{"17":"22 SUNRISE EAST PERTH WIDE.mov 07:12:12:23 00:00:20:00","18":"23 SUNRISE ELIZABETH QUAY.mov 07:13:22:07 00:00:20:01","19":"24 SUNRISE SOUTH PERTH BRIGHT.mov 08:05:56:21 00:00:20:00","20":"25 SUNRISE SOUTH PERTH OVERCAST.mov 07:13:36:15 00:00:20:00"}}
{"code":null,"26 SUNRISE SOUTH PERTH SUMMER.mov 00:02:23:00 00:00:20:00":{"22":"27 SUNRISE SOUTH PERTH WINTER.mov 07:09:07:12 00:00:30:00","23":"30 CAM 6 DAYTIME FAIR.mov 00:30:43:04 00:00:20:00","24":"31 CAM 6 DAYTIME OVERCAST.mov 12:19:41:16 00:00:20:00","25":"32 CAM 6 DAYTIME RAINING.mov 12:38:42:09 00:00:20:00"}}
{"code":null,"33 CAM 6 NIGHT.mov 15:50:12:20 00:00:05:17":{"27":"40 GENERIC MULTIVIEW SET.mov 00:00:00:00 00:00:20:00","28":"41 GENERIC CONTROL ROOM SET.mov 09:59:21:20 00:00:20:00","29":"50 PLAIN WHITE.mov 00:00:00:00 00:00:10:00","30":"51 CHROMA KEY GREEN.mov 10:56:32:14 00:00:10:00"}}
{"code":null,"52 GENERIC WHITE GFX.mov 00:00:00:00 00:00:20:00":{"32":"53 GENERIC BLACK GFX.mov 00:00:00:00 00:00:20:00","33":"54 GENERIC BLACK WHITE GFX.mov 00:00:00:00 00:00:20:00","34":"55 GENERIC BLACK AND RED GFX.mov 00:00:00:00 00:00:20:00","35":"60 JAMTV HORSE RACING.mov 00:00:00:00 00:00:20:00"}}
{"code":null,"61 SPORT GENERIC AFL BLACK.mov 00:00:00:00 00:00:20:00":{"37":"62 SPORT GENERIC AFL WHITE.mov 00:00:00:00 00:00:20:00","38":"63 SPORT GENERIC AFL.mov 00:00:00:00 00:00:10:00","39":"64 SPORT OPTUS STADIUM DAY.mov 07:16:09:00 00:00:40:00","40":"65 SPORT OPTUS STADIUM EVENING.mov 00:03:52:23 00:00:10:00"}}
{"code":null,"66 SPORT OPTUS STADIUM NIGHT.mov 00:00:00:00 00:00:10:00":{"42":"67 SPORT WAFL.mov 00:00:04:24 00:00:10:00","43":"70 SPOTLIGHT 1.mov 10:00:00:00 00:00:05:00","44":"71 SPOTLIGHT 2.mov 10:00:00:00 00:00:05:00","45":"72 SPOTLIGHT 3.mov 14:16:14:10 00:00:24:10"}}
{"code":null,"90 TEST CHECKERBOARD LINES.mov 13:47:59:18 00:00:20:12":{"47":"91 TEST CHECKERBOARD NO LINES.mov 13:49:46:10 00:00:22:16","48":"Capture0000.mov 00:00:00:00 00:00:01:10","49":"Capture0001.mov 00:00:00:00 00:00:06:00"}}
Server is listening on port 4000
^C
ethangouveia@Ethans-MacBook-Air-4 Relay % node RelayServer.js
{"code":500,"connection info:":{"protocol version":"1.8","model":"HyperDeck Studio"}}
{"code":205,"clips info:":{"1":"00 7NEWS LOGO LOOP.mov 12:53:34:04 00:02:00:00","2":"01 THE LATEST LOGO LOOP.mov 00:00:00:00 00:00:20:00","3":"02 SUNRISE SET MCU.mov 10:14:40:24 00:00:20:00","4":"03 NEWSROOM SET MCU.mov 15:14:35:19 00:00:29:24","5":"04 4PM SET MCU.mov 15:16:39:09 00:00:19:24","clip count":"49"}}
{"code":null,"5 SUMMER EVENING SET MCU.mov 15:19:17:06 00:00:19:24":{"7":"06 WINTER EVENING SET MCU.mov 15:18:09:07 00:00:19:24","8":"07 SUMMER SPORT SET MCU.mov 15:21:02:05 00:00:19:24","9":"09 WINTER SPORT SET MCU.mov 13:50:39:12 00:00:20:00","10":"10 WINTER SPORT SET OTS.mov 15:20:07:19 00:00:19:24"}}
{"code":null,"11 THE LATEST SET MCU.mov 10:31:56:18 00:00:19:24":{"12":"13 SUNRISE PERTH OTS BACKGROUND.mov 00:00:00:00 00:00:20:00","13":"15 NETWORK SET MCU.mov 20:03:23:22 00:00:20:00","14":"16 NETWORK SPORT SET MCU.mov 16:52:48:08 00:00:20:01","15":"20 SUNRISE EAST PERTH BRIGHT.mov 07:23:46:17 00:00:20:00"}}
{"code":null,"21 SUNRISE EAST PERTH DIM.mov 07:16:39:13 00:00:20:00":{"17":"22 SUNRISE EAST PERTH WIDE.mov 07:12:12:23 00:00:20:00","18":"23 SUNRISE ELIZABETH QUAY.mov 07:13:22:07 00:00:20:01","19":"24 SUNRISE SOUTH PERTH BRIGHT.mov 08:05:56:21 00:00:20:00","20":"25 SUNRISE SOUTH PERTH OVERCAST.mov 07:13:36:15 00:00:20:00"}}
{"code":null,"26 SUNRISE SOUTH PERTH SUMMER.mov 00:02:23:00 00:00:20:00":{"22":"27 SUNRISE SOUTH PERTH WINTER.mov 07:09:07:12 00:00:30:00","23":"30 CAM 6 DAYTIME FAIR.mov 00:30:43:04 00:00:20:00","24":"31 CAM 6 DAYTIME OVERCAST.mov 12:19:41:16 00:00:20:00","25":"32 CAM 6 DAYTIME RAINING.mov 12:38:42:09 00:00:20:00"}}
{"code":null,"33 CAM 6 NIGHT.mov 15:50:12:20 00:00:05:17":{"27":"40 GENERIC MULTIVIEW SET.mov 00:00:00:00 00:00:20:00","28":"41 GENERIC CONTROL ROOM SET.mov 09:59:21:20 00:00:20:00","29":"50 PLAIN WHITE.mov 00:00:00:00 00:00:10:00","30":"51 CHROMA KEY GREEN.mov 10:56:32:14 00:00:10:00"}}
{"code":null,"52 GENERIC WHITE GFX.mov 00:00:00:00 00:00:20:00":{"32":"53 GENERIC BLACK GFX.mov 00:00:00:00 00:00:20:00","33":"54 GENERIC BLACK WHITE GFX.mov 00:00:00:00 00:00:20:00","34":"55 GENERIC BLACK AND RED GFX.mov 00:00:00:00 00:00:20:00","35":"60 JAMTV HORSE RACING.mov 00:00:00:00 00:00:20:00"}}
{"code":null,"61 SPORT GENERIC AFL BLACK.mov 00:00:00:00 00:00:20:00":{"37":"62 SPORT GENERIC AFL WHITE.mov 00:00:00:00 00:00:20:00","38":"63 SPORT GENERIC AFL.mov 00:00:00:00 00:00:10:00","39":"64 SPORT OPTUS STADIUM DAY.mov 07:16:09:00 00:00:40:00","40":"65 SPORT OPTUS STADIUM EVENING.mov 00:03:52:23 00:00:10:00"}}
{"code":null,"66 SPORT OPTUS STADIUM NIGHT.mov 00:00:00:00 00:00:10:00":{"42":"67 SPORT WAFL.mov 00:00:04:24 00:00:10:00","43":"70 SPOTLIGHT 1.mov 10:00:00:00 00:00:05:00","44":"71 SPOTLIGHT 2.mov 10:00:00:00 00:00:05:00","45":"72 SPOTLIGHT 3.mov 14:16:14:10 00:00:24:10"}}
{"code":null,"90 TEST CHECKERBOARD LINES.mov 13:47:59:18 00:00:20:12":{"47":"91 TEST CHECKERBOARD NO LINES.mov 13:49:46:10 00:00:22:16","48":"Capture0000.mov 00:00:00:00 00:00:01:10","49":"Capture0001.mov 00:00:00:00 00:00:06:00"}}
Server is listening on port 4000
^C      
ethangouveia@Ethans-MacBook-Air-4 Relay % node RelayServer.js
500 connection info:
protocol version: 1.8
model: HyperDeck Studio


{"code":500,"connection info:":{"protocol version":"1.8","model":"HyperDeck Studio"}}
205 clips info:
clip count: 49
1: 00 7NEWS LOGO LOOP.mov 12:53:34:04 00:02:00:00
2: 01 THE LATEST LOGO LOOP.mov 00:00:00:00 00:00:20:00
3: 02 SUNRISE SET MCU.mov 10:14:40:24 00:00:20:00
4: 03 NEWSROOM SET MCU.mov 15:14:35:19 00:00:29:24
5: 04 4PM SET MCU.mov 15:16:39:09 00:00:19:24

{"code":205,"clips info:":{"1":"00 7NEWS LOGO LOOP.mov 12:53:34:04 00:02:00:00","2":"01 THE LATEST LOGO LOOP.mov 00:00:00:00 00:00:20:00","3":"02 SUNRISE SET MCU.mov 10:14:40:24 00:00:20:00","4":"03 NEWSROOM SET MCU.mov 15:14:35:19 00:00:29:24","5":"04 4PM SET MCU.mov 15:16:39:09 00:00:19:24","clip count":"49"}}
6: 05 SUMMER EVENING SET MCU.mov 15:19:17:06 00:00:19:24
7: 06 WINTER EVENING SET MCU.mov 15:18:09:07 00:00:19:24
8: 07 SUMMER SPORT SET MCU.mov 15:21:02:05 00:00:19:24
9: 09 WINTER SPORT SET MCU.mov 13:50:39:12 00:00:20:00
10: 10 WINTER SPORT SET OTS.mov 15:20:07:19 00:00:19:24

{"code":null,"5 SUMMER EVENING SET MCU.mov 15:19:17:06 00:00:19:24":{"7":"06 WINTER EVENING SET MCU.mov 15:18:09:07 00:00:19:24","8":"07 SUMMER SPORT SET MCU.mov 15:21:02:05 00:00:19:24","9":"09 WINTER SPORT SET MCU.mov 13:50:39:12 00:00:20:00","10":"10 WINTER SPORT SET OTS.mov 15:20:07:19 00:00:19:24"}}
11: 11 THE LATEST SET MCU.mov 10:31:56:18 00:00:19:24
12: 13 SUNRISE PERTH OTS BACKGROUND.mov 00:00:00:00 00:00:20:00
13: 15 NETWORK SET MCU.mov 20:03:23:22 00:00:20:00
14: 16 NETWORK SPORT SET MCU.mov 16:52:48:08 00:00:20:01
15: 20 SUNRISE EAST PERTH BRIGHT.mov 07:23:46:17 00:00:20:00

{"code":null,"11 THE LATEST SET MCU.mov 10:31:56:18 00:00:19:24":{"12":"13 SUNRISE PERTH OTS BACKGROUND.mov 00:00:00:00 00:00:20:00","13":"15 NETWORK SET MCU.mov 20:03:23:22 00:00:20:00","14":"16 NETWORK SPORT SET MCU.mov 16:52:48:08 00:00:20:01","15":"20 SUNRISE EAST PERTH BRIGHT.mov 07:23:46:17 00:00:20:00"}}
16: 21 SUNRISE EAST PERTH DIM.mov 07:16:39:13 00:00:20:00
17: 22 SUNRISE EAST PERTH WIDE.mov 07:12:12:23 00:00:20:00
18: 23 SUNRISE ELIZABETH QUAY.mov 07:13:22:07 00:00:20:01
19: 24 SUNRISE SOUTH PERTH BRIGHT.mov 08:05:56:21 00:00:20:00
20: 25 SUNRISE SOUTH PERTH OVERCAST.mov 07:13:36:15 00:00:20:00

{"code":null,"21 SUNRISE EAST PERTH DIM.mov 07:16:39:13 00:00:20:00":{"17":"22 SUNRISE EAST PERTH WIDE.mov 07:12:12:23 00:00:20:00","18":"23 SUNRISE ELIZABETH QUAY.mov 07:13:22:07 00:00:20:01","19":"24 SUNRISE SOUTH PERTH BRIGHT.mov 08:05:56:21 00:00:20:00","20":"25 SUNRISE SOUTH PERTH OVERCAST.mov 07:13:36:15 00:00:20:00"}}
21: 26 SUNRISE SOUTH PERTH SUMMER.mov 00:02:23:00 00:00:20:00
22: 27 SUNRISE SOUTH PERTH WINTER.mov 07:09:07:12 00:00:30:00
23: 30 CAM 6 DAYTIME FAIR.mov 00:30:43:04 00:00:20:00
24: 31 CAM 6 DAYTIME OVERCAST.mov 12:19:41:16 00:00:20:00
25: 32 CAM 6 DAYTIME RAINING.mov 12:38:42:09 00:00:20:00

{"code":null,"26 SUNRISE SOUTH PERTH SUMMER.mov 00:02:23:00 00:00:20:00":{"22":"27 SUNRISE SOUTH PERTH WINTER.mov 07:09:07:12 00:00:30:00","23":"30 CAM 6 DAYTIME FAIR.mov 00:30:43:04 00:00:20:00","24":"31 CAM 6 DAYTIME OVERCAST.mov 12:19:41:16 00:00:20:00","25":"32 CAM 6 DAYTIME RAINING.mov 12:38:42:09 00:00:20:00"}}
26: 33 CAM 6 NIGHT.mov 15:50:12:20 00:00:05:17
27: 40 GENERIC MULTIVIEW SET.mov 00:00:00:00 00:00:20:00
28: 41 GENERIC CONTROL ROOM SET.mov 09:59:21:20 00:00:20:00
29: 50 PLAIN WHITE.mov 00:00:00:00 00:00:10:00
30: 51 CHROMA KEY GREEN.mov 10:56:32:14 00:00:10:00

{"code":null,"33 CAM 6 NIGHT.mov 15:50:12:20 00:00:05:17":{"27":"40 GENERIC MULTIVIEW SET.mov 00:00:00:00 00:00:20:00","28":"41 GENERIC CONTROL ROOM SET.mov 09:59:21:20 00:00:20:00","29":"50 PLAIN WHITE.mov 00:00:00:00 00:00:10:00","30":"51 CHROMA KEY GREEN.mov 10:56:32:14 00:00:10:00"}}
31: 52 GENERIC WHITE GFX.mov 00:00:00:00 00:00:20:00
32: 53 GENERIC BLACK GFX.mov 00:00:00:00 00:00:20:00
33: 54 GENERIC BLACK WHITE GFX.mov 00:00:00:00 00:00:20:00
34: 55 GENERIC BLACK AND RED GFX.mov 00:00:00:00 00:00:20:00
35: 60 JAMTV HORSE RACING.mov 00:00:00:00 00:00:20:00

{"code":null,"52 GENERIC WHITE GFX.mov 00:00:00:00 00:00:20:00":{"32":"53 GENERIC BLACK GFX.mov 00:00:00:00 00:00:20:00","33":"54 GENERIC BLACK WHITE GFX.mov 00:00:00:00 00:00:20:00","34":"55 GENERIC BLACK AND RED GFX.mov 00:00:00:00 00:00:20:00","35":"60 JAMTV HORSE RACING.mov 00:00:00:00 00:00:20:00"}}
36: 61 SPORT GENERIC AFL BLACK.mov 00:00:00:00 00:00:20:00
37: 62 SPORT GENERIC AFL WHITE.mov 00:00:00:00 00:00:20:00
38: 63 SPORT GENERIC AFL.mov 00:00:00:00 00:00:10:00
39: 64 SPORT OPTUS STADIUM DAY.mov 07:16:09:00 00:00:40:00
40: 65 SPORT OPTUS STADIUM EVENING.mov 00:03:52:23 00:00:10:00

{"code":null,"61 SPORT GENERIC AFL BLACK.mov 00:00:00:00 00:00:20:00":{"37":"62 SPORT GENERIC AFL WHITE.mov 00:00:00:00 00:00:20:00","38":"63 SPORT GENERIC AFL.mov 00:00:00:00 00:00:10:00","39":"64 SPORT OPTUS STADIUM DAY.mov 07:16:09:00 00:00:40:00","40":"65 SPORT OPTUS STADIUM EVENING.mov 00:03:52:23 00:00:10:00"}}
41: 66 SPORT OPTUS STADIUM NIGHT.mov 00:00:00:00 00:00:10:00
42: 67 SPORT WAFL.mov 00:00:04:24 00:00:10:00
43: 70 SPOTLIGHT 1.mov 10:00:00:00 00:00:05:00
44: 71 SPOTLIGHT 2.mov 10:00:00:00 00:00:05:00
45: 72 SPOTLIGHT 3.mov 14:16:14:10 00:00:24:10

{"code":null,"66 SPORT OPTUS STADIUM NIGHT.mov 00:00:00:00 00:00:10:00":{"42":"67 SPORT WAFL.mov 00:00:04:24 00:00:10:00","43":"70 SPOTLIGHT 1.mov 10:00:00:00 00:00:05:00","44":"71 SPOTLIGHT 2.mov 10:00:00:00 00:00:05:00","45":"72 SPOTLIGHT 3.mov 14:16:14:10 00:00:24:10"}}
46: 90 TEST CHECKERBOARD LINES.mov 13:47:59:18 00:00:20:12
47: 91 TEST CHECKERBOARD NO LINES.mov 13:49:46:10 00:00:22:16
48: Capture0000.mov 00:00:00:00 00:00:01:10
49: Capture0001.mov 00:00:00:00 00:00:06:00


{"code":null,"90 TEST CHECKERBOARD LINES.mov 13:47:59:18 00:00:20:12":{"47":"91 TEST CHECKERBOARD NO LINES.mov 13:49:46:10 00:00:22:16","48":"Capture0000.mov 00:00:00:00 00:00:01:10","49":"Capture0001.mov 00:00:00:00 00:00:06:00"}}
205 clips info:
clip count: 49
1: 00 7NEWS LOGO LOOP.mov 12:53:34:04 00:02:00:00
2: 01 THE LATEST LOGO LOOP.mov 00:00:00:00 00:00:20:00
3: 02 SUNRISE SET MCU.mov 10:14:40:24 00:00:20:00
4: 03 NEWSROOM SET MCU.mov 15:14:35:19 00:00:29:24
5: 04 4PM SET MCU.mov 15:16:39:09 00:00:19:24

6: 05 SUMMER EVENING SET MCU.mov 15:19:17:06 00:00:19:24
7: 06 WINTER EVENING SET MCU.mov 15:18:09:07 00:00:19:24
8: 07 SUMMER SPORT SET MCU.mov 15:21:02:05 00:00:19:24
9: 09 WINTER SPORT SET MCU.mov 13:50:39:12 00:00:20:00
10: 10 WINTER SPORT SET OTS.mov 15:20:07:19 00:00:19:24

11: 11 THE LATEST SET MCU.mov 10:31:56:18 00:00:19:24
12: 13 SUNRISE PERTH OTS BACKGROUND.mov 00:00:00:00 00:00:20:00
13: 15 NETWORK SET MCU.mov 20:03:23:22 00:00:20:00
14: 16 NETWORK SPORT SET MCU.mov 16:52:48:08 00:00:20:01
15: 20 SUNRISE EAST PERTH BRIGHT.mov 07:23:46:17 00:00:20:00

16: 21 SUNRISE EAST PERTH DIM.mov 07:16:39:13 00:00:20:00
17: 22 SUNRISE EAST PERTH WIDE.mov 07:12:12:23 00:00:20:00
18: 23 SUNRISE ELIZABETH QUAY.mov 07:13:22:07 00:00:20:01
19: 24 SUNRISE SOUTH PERTH BRIGHT.mov 08:05:56:21 00:00:20:00
20: 25 SUNRISE SOUTH PERTH OVERCAST.mov 07:13:36:15 00:00:20:00

21: 26 SUNRISE SOUTH PERTH SUMMER.mov 00:02:23:00 00:00:20:00
22: 27 SUNRISE SOUTH PERTH WINTER.mov 07:09:07:12 00:00:30:00
23: 30 CAM 6 DAYTIME FAIR.mov 00:30:43:04 00:00:20:00
24: 31 CAM 6 DAYTIME OVERCAST.mov 12:19:41:16 00:00:20:00
25: 32 CAM 6 DAYTIME RAINING.mov 12:38:42:09 00:00:20:00

26: 33 CAM 6 NIGHT.mov 15:50:12:20 00:00:05:17
27: 40 GENERIC MULTIVIEW SET.mov 00:00:00:00 00:00:20:00
28: 41 GENERIC CONTROL ROOM SET.mov 09:59:21:20 00:00:20:00
29: 50 PLAIN WHITE.mov 00:00:00:00 00:00:10:00
30: 51 CHROMA KEY GREEN.mov 10:56:32:14 00:00:10:00

31: 52 GENERIC WHITE GFX.mov 00:00:00:00 00:00:20:00
32: 53 GENERIC BLACK GFX.mov 00:00:00:00 00:00:20:00
33: 54 GENERIC BLACK WHITE GFX.mov 00:00:00:00 00:00:20:00
34: 55 GENERIC BLACK AND RED GFX.mov 00:00:00:00 00:00:20:00
35: 60 JAMTV HORSE RACING.mov 00:00:00:00 00:00:20:00

36: 61 SPORT GENERIC AFL BLACK.mov 00:00:00:00 00:00:20:00
37: 62 SPORT GENERIC AFL WHITE.mov 00:00:00:00 00:00:20:00
38: 63 SPORT GENERIC AFL.mov 00:00:00:00 00:00:10:00
39: 64 SPORT OPTUS STADIUM DAY.mov 07:16:09:00 00:00:40:00
40: 65 SPORT OPTUS STADIUM EVENING.mov 00:03:52:23 00:00:10:00

41: 66 SPORT OPTUS STADIUM NIGHT.mov 00:00:00:00 00:00:10:00
42: 67 SPORT WAFL.mov 00:00:04:24 00:00:10:00
43: 70 SPOTLIGHT 1.mov 10:00:00:00 00:00:05:00
44: 71 SPOTLIGHT 2.mov 10:00:00:00 00:00:05:00
45: 72 SPOTLIGHT 3.mov 14:16:14:10 00:00:24:10

46: 90 TEST CHECKERBOARD LINES.mov 13:47:59:18 00:00:20:12
47: 91 TEST CHECKERBOARD NO LINES.mov 13:49:46:10 00:00:22:16
48: Capture0000.mov 00:00:00:00 00:00:01:10
49: Capture0001.mov 00:00:00:00 00:00:06:00


Server is listening on port 4000
^C
ethangouveia@Ethans-MacBook-Air-4 Relay % 